bash: warning: setlocale: LC_ALL: cannot change locale (C.UTF-8)
/usr/bin/bash: warning: setlocale: LC_ALL: cannot change locale (C.UTF-8)
[2026-08-11T09:11:20-04:00] Running exact_enumeration.py quick validation
Quick exact          0    +0.9693    +0.9767     0.0073     0.1732   PASS
Quick exact          1    +0.9693    +0.9667     0.0027     0.1732   PASS
Quick exact          2    +0.9405    +0.9433     0.0029     0.1732   PASS

q>0 single-bit brute-force ratio test
single-bit-ratio: p=0.05, q=0.001, cases=512, delta_syndrome_weight=0 covered
single-bit-ratio: p=0.25, q=0.001, cases=512, delta_syndrome_weight=0 covered
single-bit-ratio: p=0.15, q=0.01, cases=512, delta_syndrome_weight=0 covered
single-bit-ratio: p=0.25, q=0.04, cases=512, delta_syndrome_weight=0 covered

Data-weight cache consistency regression
Data-weight cache consistency regression passed

PT swap full-weight regression
PT swap full-weight regression passed

cluster one-step exact-invariance regression: TV=0.0084
Cluster update regressions passed
Quick exact-enumeration validations passed.
[2026-08-11T09:11:28-04:00] Running preflight chunk
[2026-08-11T09:11:30-04:00] Running preflight merge
[2026-08-11T09:11:30-04:00] Launching chunk workers: 16 workers for 16 chunks
[2026-08-11T09:43:46-04:00] Completed L11_p00_chunk003 (1/16) in 1935.9s
[2026-08-11T09:43:46-04:00] Completed L11_p01_chunk004 (2/16) in 1936.3s
[2026-08-11T09:43:50-04:00] Completed L11_p00_chunk007 (3/16) in 1940.5s
[2026-08-11T09:43:53-04:00] Completed L11_p01_chunk000 (4/16) in 1943.2s
[2026-08-11T09:43:55-04:00] Completed L11_p01_chunk007 (5/16) in 1945.2s
[2026-08-11T09:43:57-04:00] Completed L11_p00_chunk006 (6/16) in 1947.4s
[2026-08-11T09:43:59-04:00] Completed L11_p01_chunk006 (7/16) in 1949.3s
[2026-08-11T09:43:59-04:00] Completed L11_p00_chunk002 (8/16) in 1949.7s
[2026-08-11T09:44:05-04:00] Completed L11_p00_chunk000 (9/16) in 1954.7s
[2026-08-11T09:44:08-04:00] Completed L11_p00_chunk004 (10/16) in 1958.1s
[2026-08-11T09:44:09-04:00] Completed L11_p01_chunk005 (11/16) in 1959.2s
[2026-08-11T09:44:14-04:00] Completed L11_p00_chunk001 (12/16) in 1963.9s
[2026-08-11T09:44:20-04:00] Completed L11_p01_chunk001 (13/16) in 1970.0s
[2026-08-11T09:44:42-04:00] Completed L11_p01_chunk003 (14/16) in 1992.5s
[2026-08-11T09:44:44-04:00] Completed L11_p00_chunk005 (15/16) in 1993.8s
[2026-08-11T09:45:48-04:00] Completed L11_p01_chunk002 (16/16) in 2058.0s
[2026-08-11T09:45:48-04:00] Merging chunk outputs
[2026-08-11T09:45:48-04:00] Final NPZ: /home/DATA1/users/yuany/.single_shot/runs/2d_final_nd2_staged_20260811_210600/runs/q0_pilot_A/q0_pilot_A.npz
[2026-08-11T09:45:48-04:00] Final PNG: /home/DATA1/users/yuany/.single_shot/runs/2d_final_nd2_staged_20260811_210600/runs/q0_pilot_A/q0_pilot_A.png
[2026-08-11T09:45:48-04:00] Chunk counts: completed=16 failed=0 pending=0
